[     578ms] [INFO] %cDownload the React DevTools for a better development experience: https://react.dev/link/react-devtools font-weight:bold @ http://localhost:5173/node_modules/.vite/deps/react-dom_client.js?v=52396939:14337
[     618ms] [LOG] Axios baseURL: http://localhost:4000/api @ http://localhost:5173/src/api/api.js:3
[     814ms] [ERROR] Failed to load resource: the server responded with a status of 401 (Unauthorized) @ http://localhost:4000/api/auth/me:0
[     837ms] [ERROR] Failed to load resource: the server responded with a status of 401 (Unauthorized) @ http://localhost:4000/api/auth/me:0
[ 9053548ms] [LOG] [vite] server connection lost. Polling for restart... @ http://localhost:5173/@vite/client:968
[ 9056561ms] [INFO] %cDownload the React DevTools for a better development experience: https://react.dev/link/react-devtools font-weight:bold @ http://localhost:5173/node_modules/.vite/deps/react-dom_client.js?v=52396939:14337
[ 9056697ms] [LOG] Axios baseURL: http://localhost:4000/api @ http://localhost:5173/src/api/api.js:3
[ 9056797ms] [WARNING] No `HydrateFallback` element provided to render during initial hydration @ http://localhost:5173/node_modules/.vite/deps/react-router-dom.js?v=52396939:163
[ 9056971ms] [ERROR] Failed to load resource: the server responded with a status of 401 (Unauthorized) @ http://localhost:4000/api/auth/me:0
[ 9056979ms] [ERROR] Failed to load resource: the server responded with a status of 401 (Unauthorized) @ http://localhost:4000/api/auth/me:0
[21746589ms] [LOG] [vite] server connection lost. Polling for restart... @ http://localhost:5173/@vite/client:968
[21748108ms] [INFO] %cDownload the React DevTools for a better development experience: https://react.dev/link/react-devtools font-weight:bold @ http://localhost:5173/node_modules/.vite/deps/react-dom_client.js?v=52396939:14337
[21748195ms] [LOG] Axios baseURL: http://localhost:4000/api @ http://localhost:5173/src/api/api.js:3
[21748297ms] [WARNING] No `HydrateFallback` element provided to render during initial hydration @ http://localhost:5173/node_modules/.vite/deps/react-router-dom.js?v=52396939:163
[21748385ms] [ERROR] Failed to load resource: the server responded with a status of 401 (Unauthorized) @ http://localhost:4000/api/auth/me:0
[21748388ms] [ERROR] Failed to load resource: the server responded with a status of 401 (Unauthorized) @ http://localhost:4000/api/auth/me:0
[23129562ms] [LOG] [vite] server connection lost. Polling for restart... @ http://localhost:5173/@vite/client:968
[23130311ms] [INFO] %cDownload the React DevTools for a better development experience: https://react.dev/link/react-devtools font-weight:bold @ http://localhost:5173/node_modules/.vite/deps/react-dom_client.js?v=52396939:14337
[23130368ms] [LOG] Axios baseURL: http://localhost:4000/api @ http://localhost:5173/src/api/api.js:3
[23130406ms] [WARNING] No `HydrateFallback` element provided to render during initial hydration @ http://localhost:5173/node_modules/.vite/deps/react-router-dom.js?v=52396939:163
[23130615ms] [ERROR] Failed to load resource: the server responded with a status of 401 (Unauthorized) @ http://localhost:4000/api/auth/me:0
[23130672ms] [ERROR] Failed to load resource: the server responded with a status of 401 (Unauthorized) @ http://localhost:4000/api/auth/me:0
[32250276ms] [LOG] [vite] server connection lost. Polling for restart... @ http://localhost:5173/@vite/client:968
[41201762ms] [INFO] %cDownload the React DevTools for a better development experience: https://react.dev/link/react-devtools font-weight:bold @ http://localhost:5173/node_modules/.vite/deps/react-dom_client.js?v=52396939:14337
[41201852ms] [LOG] Axios baseURL: http://localhost:4000/api @ http://localhost:5173/src/api/api.js:3
[41201912ms] [WARNING] No `HydrateFallback` element provided to render during initial hydration @ http://localhost:5173/node_modules/.vite/deps/react-router-dom.js?v=52396939:163
[41202074ms] [ERROR] Failed to load resource: the server responded with a status of 401 (Unauthorized) @ http://localhost:4000/api/auth/me:0
[41202109ms] [ERROR] Failed to load resource: the server responded with a status of 401 (Unauthorized) @ http://localhost:4000/api/auth/me:0
[44109816ms] [LOG] [vite] server connection lost. Polling for restart... @ http://localhost:5173/@vite/client:968
[77070523ms] [INFO] %cDownload the React DevTools for a better development experience: https://react.dev/link/react-devtools font-weight:bold @ http://localhost:5173/node_modules/.vite/deps/react-dom_client.js?v=52396939:14337
[77070644ms] [LOG] Axios baseURL: http://localhost:4000/api @ http://localhost:5173/src/api/api.js:3
[77070741ms] [WARNING] No `HydrateFallback` element provided to render during initial hydration @ http://localhost:5173/node_modules/.vite/deps/react-router-dom.js?v=52396939:163
[77071191ms] [ERROR] Failed to load resource: the server responded with a status of 401 (Unauthorized) @ http://localhost:4000/api/auth/me:0
[77071270ms] [ERROR] Failed to load resource: the server responded with a status of 401 (Unauthorized) @ http://localhost:4000/api/auth/me:0
[77072062ms] [LOG] [vite] server connection lost. Polling for restart... @ http://localhost:5173/@vite/client:968
[78811752ms] [INFO] %cDownload the React DevTools for a better development experience: https://react.dev/link/react-devtools font-weight:bold @ http://localhost:5173/node_modules/.vite/deps/react-dom_client.js?v=52396939:14337
[78811774ms] [LOG] Axios baseURL: http://localhost:4000/api @ http://localhost:5173/src/api/api.js:3
[78811788ms] [WARNING] No `HydrateFallback` element provided to render during initial hydration @ http://localhost:5173/node_modules/.vite/deps/react-router-dom.js?v=52396939:163
[78811807ms] [ERROR] Failed to load resource: the server responded with a status of 401 (Unauthorized) @ http://localhost:4000/api/auth/me:0
[78811814ms] [ERROR] Failed to load resource: the server responded with a status of 401 (Unauthorized) @ http://localhost:4000/api/auth/me:0
[101486194ms] [INFO] %cDownload the React DevTools for a better development experience: https://react.dev/link/react-devtools font-weight:bold @ http://localhost:5173/node_modules/.vite/deps/react-dom_client.js?v=52396939:14337
[101486288ms] [LOG] Axios baseURL: http://localhost:4000/api @ http://localhost:5173/src/api/api.js:3
[101486362ms] [WARNING] No `HydrateFallback` element provided to render during initial hydration @ http://localhost:5173/node_modules/.vite/deps/react-router-dom.js?v=52396939:163
[101486472ms] [ERROR] Failed to load resource: the server responded with a status of 401 (Unauthorized) @ http://localhost:4000/api/auth/me:0
[101486482ms] [ERROR] Failed to load resource: the server responded with a status of 401 (Unauthorized) @ http://localhost:4000/api/auth/me:0
[101536886ms] [INFO] %cDownload the React DevTools for a better development experience: https://react.dev/link/react-devtools font-weight:bold @ http://localhost:5173/node_modules/.vite/deps/react-dom_client.js?v=52396939:14337
[101536916ms] [LOG] Axios baseURL: http://localhost:4000/api @ http://localhost:5173/src/api/api.js:3
[101536935ms] [WARNING] No `HydrateFallback` element provided to render during initial hydration @ http://localhost:5173/node_modules/.vite/deps/react-router-dom.js?v=52396939:163
[101536955ms] [ERROR] Failed to load resource: the server responded with a status of 401 (Unauthorized) @ http://localhost:4000/api/auth/me:0
[101536957ms] [ERROR] Failed to load resource: the server responded with a status of 401 (Unauthorized) @ http://localhost:4000/api/auth/me:0
[101584604ms] [INFO] %cDownload the React DevTools for a better development experience: https://react.dev/link/react-devtools font-weight:bold @ http://localhost:5173/node_modules/.vite/deps/react-dom_client.js?v=52396939:14337
[101584630ms] [LOG] Axios baseURL: http://localhost:4000/api @ http://localhost:5173/src/api/api.js:3
[101584652ms] [WARNING] No `HydrateFallback` element provided to render during initial hydration @ http://localhost:5173/node_modules/.vite/deps/react-router-dom.js?v=52396939:163
[101584670ms] [ERROR] Failed to load resource: the server responded with a status of 401 (Unauthorized) @ http://localhost:4000/api/auth/me:0
[101584671ms] [ERROR] Failed to load resource: the server responded with a status of 401 (Unauthorized) @ http://localhost:4000/api/auth/me:0
[103108745ms] [INFO] %cDownload the React DevTools for a better development experience: https://react.dev/link/react-devtools font-weight:bold @ http://localhost:5173/node_modules/.vite/deps/react-dom_client.js?v=52396939:14337
[103108822ms] [LOG] Axios baseURL: http://localhost:4000/api @ http://localhost:5173/src/api/api.js:3
[103108880ms] [WARNING] No `HydrateFallback` element provided to render during initial hydration @ http://localhost:5173/node_modules/.vite/deps/react-router-dom.js?v=52396939:163
[103108917ms] [ERROR] Failed to load resource: the server responded with a status of 401 (Unauthorized) @ http://localhost:4000/api/auth/me:0
[103108921ms] [ERROR] Failed to load resource: the server responded with a status of 401 (Unauthorized) @ http://localhost:4000/api/auth/me:0
[103139412ms] [LOG] [vite] server connection lost. Polling for restart... @ http://localhost:5173/@vite/client:968
[103140824ms] [LOG] [vite] server connection lost. Polling for restart... @ http://localhost:5173/@vite/client:968
[103140860ms] [ERROR] Failed to load resource: net::ERR_CONNECTION_RESET @ http://localhost:5173/src/components/PageLoader.jsx:0
[103142167ms] [INFO] %cDownload the React DevTools for a better development experience: https://react.dev/link/react-devtools font-weight:bold @ http://localhost:5173/node_modules/.vite/deps/react-dom_client.js?v=52396939:14337
[103142201ms] [LOG] Axios baseURL: http://localhost:4000/api @ http://localhost:5173/src/api/api.js:3
[103142226ms] [WARNING] No `HydrateFallback` element provided to render during initial hydration @ http://localhost:5173/node_modules/.vite/deps/react-router-dom.js?v=52396939:163
[103142248ms] [ERROR] Failed to load resource: the server responded with a status of 401 (Unauthorized) @ http://localhost:4000/api/auth/me:0
[103142251ms] [ERROR] Failed to load resource: the server responded with a status of 401 (Unauthorized) @ http://localhost:4000/api/auth/me:0
[111930881ms] [LOG] [vite] server connection lost. Polling for restart... @ http://localhost:5173/@vite/client:968
[129914945ms] [INFO] %cDownload the React DevTools for a better development experience: https://react.dev/link/react-devtools font-weight:bold @ http://localhost:5173/node_modules/.vite/deps/react-dom_client.js?v=52396939:14337
[129915051ms] [LOG] Axios baseURL: http://localhost:4000/api @ http://localhost:5173/src/api/api.js:3
[129915117ms] [WARNING] No `HydrateFallback` element provided to render during initial hydration @ http://localhost:5173/node_modules/.vite/deps/react-router-dom.js?v=52396939:163
[129915430ms] [ERROR] Failed to load resource: the server responded with a status of 401 (Unauthorized) @ http://localhost:4000/api/auth/me:0
[129915478ms] [ERROR] Failed to load resource: the server responded with a status of 401 (Unauthorized) @ http://localhost:4000/api/auth/me:0
